lib/psql/**/*.psql
vendor/no-such-vendor/awesome/lib/psql/**/*.psql
